217444 openat(AT_FDCWD, "/etc/ld.so.cache", O_RDONLY|O_CLOEXEC) = 3
217444 openat(AT_FDCWD, "/lib/x86_64-linux-gnu/libnettle.so.8", O_RDONLY|O_CLOEXEC) = 3
217444 openat(AT_FDCWD, "/lib/x86_64-linux-gnu/libhogweed.so.6", O_RDONLY|O_CLOEXEC) = 3
217444 openat(AT_FDCWD, "/lib/x86_64-linux-gnu/libgmp.so.10", O_RDONLY|O_CLOEXEC) = 3
217444 openat(AT_FDCWD, "/lib/x86_64-linux-gnu/libpython3.13.so.1.0", O_RDONLY|O_CLOEXEC) = 3
217444 openat(AT_FDCWD, "/lib/x86_64-linux-gnu/libgcc_s.so.1", O_RDONLY|O_CLOEXEC) = 3
217444 openat(AT_FDCWD, "/lib/x86_64-linux-gnu/libm.so.6", O_RDONLY|O_CLOEXEC) = 3
217444 openat(AT_FDCWD, "/lib/x86_64-linux-gnu/libc.so.6", O_RDONLY|O_CLOEXEC) = 3
217444 openat(AT_FDCWD, "/lib/x86_64-linux-gnu/libz.so.1", O_RDONLY|O_CLOEXEC) = 3
217444 openat(AT_FDCWD, "/lib/x86_64-linux-gnu/libexpat.so.1", O_RDONLY|O_CLOEXEC) = 3
217444 open("/proc/sys/vm/overcommit_memory", O_RDONLY) = 3
217444 openat(AT_FDCWD, "/usr/lib/locale/locale-archive", O_RDONLY|O_CLOEXEC) = -1 ENOENT (No such file or directory)
217444 openat(AT_FDCWD, "/usr/share/locale/locale.alias", O_RDONLY|O_CLOEXEC) = 3
217444 openat(AT_FDCWD, "/usr/lib/locale/en_US.UTF-8/LC_CTYPE", O_RDONLY|O_CLOEXEC) = -1 ENOENT (No such file or directory)
217444 openat(AT_FDCWD, "/usr/lib/locale/en_US.utf8/LC_CTYPE", O_RDONLY|O_CLOEXEC) = 3
217444 openat(AT_FDCWD, "/usr/lib/x86_64-linux-gnu/gconv/gconv-modules.cache", O_RDONLY|O_CLOEXEC) = 3
217444 openat(AT_FDCWD, "/usr/pyvenv.cfg", O_RDONLY) = -1 ENOENT (No such file or directory)
217444 openat(AT_FDCWD, "/usr/bin/pyvenv.cfg", O_RDONLY) = -1 ENOENT (No such file or directory)
217444 openat(AT_FDCWD, "/usr/bin/python3._pth", O_RDONLY) = -1 ENOENT (No such file or directory)
217444 openat(AT_FDCWD, "/usr/bin/python3.13._pth", O_RDONLY) = -1 ENOENT (No such file or directory)
217444 openat(AT_FDCWD, "/usr/bin/pybuilddir.txt", O_RDONLY) = -1 ENOENT (No such file or directory)
217444 openat(AT_FDCWD, "/etc/localtime", O_RDONLY|O_CLOEXEC) = 3
217444 openat(AT_FDCWD, "/usr/lib/python3.13", O_RDONLY|O_NONBLOCK|O_CLOEXEC|O_DIRECTORY) = 3
217444 openat(AT_FDCWD, "/usr/lib/python3.13/encodings/__pycache__/__init__.cpython-313.pyc", O_RDONLY|O_CLOEXEC) = 3
217444 openat(AT_FDCWD, "/usr/lib/python3.13/encodings", O_RDONLY|O_NONBLOCK|O_CLOEXEC|O_DIRECTORY) = 3
217444 openat(AT_FDCWD, "/usr/lib/python3.13/encodings/__pycache__/aliases.cpython-313.pyc", O_RDONLY|O_CLOEXEC) = 3
217444 openat(AT_FDCWD, "/usr/lib/python3.13/encodings/__pycache__/utf_8.cpython-313.pyc", O_RDONLY|O_CLOEXEC) = 3
217444 openat(AT_FDCWD, "/usr/local/lib/python3.13/dist-packages", O_RDONLY|O_NONBLOCK|O_CLOEXEC|O_DIRECTORY) = 3
217444 openat(AT_FDCWD, "/usr/lib/python3/dist-packages", O_RDONLY|O_NONBLOCK|O_CLOEXEC|O_DIRECTORY) = 3
217444 openat(AT_FDCWD, "/usr/lib/python3.13/__pycache__/sitecustomize.cpython-313.pyc", O_RDONLY|O_CLOEXEC) = 3
217444 openat(AT_FDCWD, "/usr/lib/python3.13/lib-dynload", O_RDONLY|O_NONBLOCK|O_CLOEXEC|O_DIRECTORY) = 3
217444 openat(AT_FDCWD, "/usr/local/lib/python3.13/dist-packages", O_RDONLY|O_NONBLOCK|O_CLOEXEC|O_DIRECTORY) = 3
217444 openat(AT_FDCWD, "/usr/lib/python3/dist-packages", O_RDONLY|O_NONBLOCK|O_CLOEXEC|O_DIRECTORY) = 3
217444 openat(AT_FDCWD, "/usr/lib/python3/dist-packages/breezy/__pycache__/__init__.cpython-313.pyc", O_RDONLY|O_CLOEXEC) = 3
217444 openat(AT_FDCWD, "/usr/lib/python3/dist-packages/breezy", O_RDONLY|O_NONBLOCK|O_CLOEXEC|O_DIRECTORY) = 3
217444 openat(AT_FDCWD, "/usr/lib/python3/dist-packages/breezy/git/__pycache__/__init__.cpython-313.pyc", O_RDONLY|O_CLOEXEC) = 3
217444 openat(AT_FDCWD, "/usr/lib/python3/dist-packages/breezy/__pycache__/errors.cpython-313.pyc", O_RDONLY|O_CLOEXEC) = 3
217444 openat(AT_FDCWD, "/usr/lib/python3/dist-packages/breezy/__pycache__/trace.cpython-313.pyc", O_RDONLY|O_CLOEXEC) = 3
217444 openat(AT_FDCWD, "/usr/lib/python3.13/logging/__pycache__/__init__.cpython-313.pyc", O_RDONLY|O_CLOEXEC) = 3
217444 openat(AT_FDCWD, "/usr/lib/python3.13/re/__pycache__/__init__.cpython-313.pyc", O_RDONLY|O_CLOEXEC) = 3
217444 openat(AT_FDCWD, "/usr/lib/python3.13/__pycache__/enum.cpython-313.pyc", O_RDONLY|O_CLOEXEC) = 3
217444 openat(AT_FDCWD, "/usr/lib/python3.13/__pycache__/functools.cpython-313.pyc", O_RDONLY|O_CLOEXEC) = 3
217444 openat(AT_FDCWD, "/usr/lib/python3.13/collections/__pycache__/__init__.cpython-313.pyc", O_RDONLY|O_CLOEXEC) = 3
217444 openat(AT_FDCWD, "/usr/lib/python3.13/__pycache__/keyword.cpython-313.pyc", O_RDONLY|O_CLOEXEC) = 3
217444 openat(AT_FDCWD, "/usr/lib/python3.13/__pycache__/operator.cpython-313.pyc", O_RDONLY|O_CLOEXEC) = 3
217444 openat(AT_FDCWD, "/usr/lib/python3.13/__pycache__/reprlib.cpython-313.pyc", O_RDONLY|O_CLOEXEC) = 3
217444 openat(AT_FDCWD, "/usr/lib/python3.13/__pycache__/types.cpython-313.pyc", O_RDONLY|O_CLOEXEC) = 3
217444 openat(AT_FDCWD, "/usr/lib/python3.13/re", O_RDONLY|O_NONBLOCK|O_CLOEXEC|O_DIRECTORY) = 3
217444 openat(AT_FDCWD, "/usr/lib/python3.13/re/__pycache__/_compiler.cpython-313.pyc", O_RDONLY|O_CLOEXEC) = 3
217444 openat(AT_FDCWD, "/usr/lib/python3.13/re/__pycache__/_parser.cpython-313.pyc", O_RDONLY|O_CLOEXEC) = 3
217444 openat(AT_FDCWD, "/usr/lib/python3.13/re/__pycache__/_constants.cpython-313.pyc", O_RDONLY|O_CLOEXEC) = 3
217444 openat(AT_FDCWD, "/usr/lib/python3.13/re/__pycache__/_casefix.cpython-313.pyc", O_RDONLY|O_CLOEXEC) = 3
217444 openat(AT_FDCWD, "/usr/lib/python3.13/__pycache__/copyreg.cpython-313.pyc", O_RDONLY|O_CLOEXEC) = 3
217444 openat(AT_FDCWD, "/usr/lib/python3.13/__pycache__/traceback.cpython-313.pyc", O_RDONLY|O_CLOEXEC) = 3
217444 openat(AT_FDCWD, "/usr/lib/python3.13/__pycache__/linecache.cpython-313.pyc", O_RDONLY|O_CLOEXEC) = 3
217444 openat(AT_FDCWD, "/usr/lib/python3.13/__pycache__/textwrap.cpython-313.pyc", O_RDONLY|O_CLOEXEC) = 3
217444 openat(AT_FDCWD, "/usr/lib/python3.13/__pycache__/warnings.cpython-313.pyc", O_RDONLY|O_CLOEXEC) = 3
217444 openat(AT_FDCWD, "/usr/lib/python3.13/__pycache__/contextlib.cpython-313.pyc", O_RDONLY|O_CLOEXEC) = 3
217444 openat(AT_FDCWD, "/usr/lib/python3.13/__pycache__/_colorize.cpython-313.pyc", O_RDONLY|O_CLOEXEC) = 3
217444 openat(AT_FDCWD, "/usr/lib/python3.13/__pycache__/__future__.cpython-313.pyc", O_RDONLY|O_CLOEXEC) = 3
217444 openat(AT_FDCWD, "/usr/lib/python3.13/__pycache__/weakref.cpython-313.pyc", O_RDONLY|O_CLOEXEC) = 3
217444 openat(AT_FDCWD, "/usr/lib/python3.13/__pycache__/_weakrefset.cpython-313.pyc", O_RDONLY|O_CLOEXEC) = 3
217444 openat(AT_FDCWD, "/usr/lib/python3.13/__pycache__/string.cpython-313.pyc", O_RDONLY|O_CLOEXEC) = 3
217444 openat(AT_FDCWD, "/usr/lib/python3.13/__pycache__/threading.cpython-313.pyc", O_RDONLY|O_CLOEXEC) = 3
217444 openat(AT_FDCWD, "/usr/lib/python3/dist-packages/breezy/__pycache__/lazy_import.cpython-313.pyc", O_RDONLY|O_CLOEXEC) = 3
217444 openat(AT_FDCWD, "/usr/lib/python3/dist-packages/breezy/__pycache__/urlutils.cpython-313.pyc", O_RDONLY|O_CLOEXEC) = 3
217444 openat(AT_FDCWD, "/usr/lib/python3.13/__pycache__/typing.cpython-313.pyc", O_RDONLY|O_CLOEXEC) = 3
217444 openat(AT_FDCWD, "/usr/lib/python3.13/urllib/__pycache__/__init__.cpython-313.pyc", O_RDONLY|O_CLOEXEC) = 3
217444 openat(AT_FDCWD, "/usr/lib/python3.13/urllib", O_RDONLY|O_NONBLOCK|O_CLOEXEC|O_DIRECTORY) = 3
217444 openat(AT_FDCWD, "/usr/lib/python3.13/urllib/__pycache__/parse.cpython-313.pyc", O_RDONLY|O_CLOEXEC) = 3
217444 openat(AT_FDCWD, "/usr/lib/python3.13/__pycache__/ipaddress.cpython-313.pyc", O_RDONLY|O_CLOEXEC) = 3
217444 openat(AT_FDCWD, "/usr/lib/python3/dist-packages/breezy/__pycache__/osutils.cpython-313.pyc", O_RDONLY|O_CLOEXEC) = 3
217444 openat(AT_FDCWD, "/usr/lib/python3.13/__pycache__/hashlib.cpython-313.pyc", O_RDONLY|O_CLOEXEC) = 3
217444 openat(AT_FDCWD, "/usr/lib/python3.13/lib-dynload/_hashlib.cpython-313-x86_64-linux-gnu.so", O_RDONLY|O_CLOEXEC) = 3
217444 openat(AT_FDCWD, "/etc/ld.so.cache", O_RDONLY|O_CLOEXEC) = 3
217444 openat(AT_FDCWD, "/lib/x86_64-linux-gnu/libcrypto.so.3", O_RDONLY|O_CLOEXEC) = 3
217444 openat(AT_FDCWD, "/lib/x86_64-linux-gnu/libzstd.so.1", O_RDONLY|O_CLOEXEC) = 3
217444 openat(AT_FDCWD, "/usr/lib/ssl/openssl.cnf", O_RDONLY) = 3
217444 openat(AT_FDCWD, "/usr/lib/python3/dist-packages/breezy/_chunks_to_lines_pyx.cpython-313-x86_64-linux-gnu.so", O_RDONLY|O_CLOEXEC) = 3
217444 openat(AT_FDCWD, "/usr/lib/python3/dist-packages/breezy/__pycache__/commands.cpython-313.pyc", O_RDONLY|O_CLOEXEC) = 3
217444 openat(AT_FDCWD, "/usr/lib/python3/dist-packages/breezy/__pycache__/i18n.cpython-313.pyc", O_RDONLY|O_CLOEXEC) = 3
217444 openat(AT_FDCWD, "/usr/lib/python3.13/__pycache__/gettext.cpython-313.pyc", O_RDONLY|O_CLOEXEC) = 3
217444 openat(AT_FDCWD, "/usr/lib/python3/dist-packages/breezy/__pycache__/option.cpython-313.pyc", O_RDONLY|O_CLOEXEC) = 3
217444 openat(AT_FDCWD, "/usr/lib/python3.13/__pycache__/optparse.cpython-313.pyc", O_RDONLY|O_CLOEXEC) = 3
217444 openat(AT_FDCWD, "/usr/lib/python3.13/__pycache__/locale.cpython-313.pyc", O_RDONLY|O_CLOEXEC) = 3
217444 openat(AT_FDCWD, "/usr/lib/python3/dist-packages/breezy/__pycache__/revisionspec.cpython-313.pyc", O_RDONLY|O_CLOEXEC) = 3
217444 openat(AT_FDCWD, "/usr/lib/python3/dist-packages/breezy/__pycache__/revision.cpython-313.pyc", O_RDONLY|O_CLOEXEC) = 3
217444 openat(AT_FDCWD, "/usr/lib/python3/dist-packages/breezy/__pycache__/workingtree.cpython-313.pyc", O_RDONLY|O_CLOEXEC) = 3
217444 openat(AT_FDCWD, "/usr/lib/python3/dist-packages/breezy/__pycache__/mutabletree.cpython-313.pyc", O_RDONLY|O_CLOEXEC) = 3
217444 openat(AT_FDCWD, "/usr/lib/python3/dist-packages/breezy/__pycache__/hooks.cpython-313.pyc", O_RDONLY|O_CLOEXEC) = 3
217444 openat(AT_FDCWD, "/usr/lib/python3/dist-packages/breezy/__pycache__/registry.cpython-313.pyc", O_RDONLY|O_CLOEXEC) = 3
217444 openat(AT_FDCWD, "/usr/lib/python3/dist-packages/breezy/__pycache__/pyutils.cpython-313.pyc", O_RDONLY|O_CLOEXEC) = 3
217444 openat(AT_FDCWD, "/usr/lib/python3/dist-packages/breezy/__pycache__/tree.cpython-313.pyc", O_RDONLY|O_CLOEXEC) = 3
217444 openat(AT_FDCWD, "/usr/lib/python3/dist-packages/breezy/__pycache__/lock.cpython-313.pyc", O_RDONLY|O_CLOEXEC) = 3
217444 openat(AT_FDCWD, "/usr/lib/python3/dist-packages/breezy/__pycache__/debug.cpython-313.pyc", O_RDONLY|O_CLOEXEC) = 3
217444 openat(AT_FDCWD, "/usr/lib/python3/dist-packages/breezy/transport/__pycache__/__init__.cpython-313.pyc", O_RDONLY|O_CLOEXEC) = 3
217444 openat(AT_FDCWD, "/usr/lib/python3/dist-packages/breezy/ui/__pycache__/__init__.cpython-313.pyc", O_RDONLY|O_CLOEXEC) = 3
217444 openat(AT_FDCWD, "/usr/lib/python3/dist-packages/breezy/__pycache__/inter.cpython-313.pyc", O_RDONLY|O_CLOEXEC) = 3
217444 openat(AT_FDCWD, "/usr/lib/python3/dist-packages/breezy/__pycache__/controldir.cpython-313.pyc", O_RDONLY|O_CLOEXEC) = 3
217444 openat(AT_FDCWD, "/usr/lib/python3/dist-packages/breezy/__pycache__/lazy_regex.cpython-313.pyc", O_RDONLY|O_CLOEXEC) = 3
217444 openat(AT_FDCWD, "/usr/lib/python3/dist-packages/breezy/__pycache__/plugin.cpython-313.pyc", O_RDONLY|O_CLOEXEC) = 3
217444 openat(AT_FDCWD, "/usr/lib/python3.13/importlib/__pycache__/__init__.cpython-313.pyc", O_RDONLY|O_CLOEXEC) = 3
217444 openat(AT_FDCWD, "/usr/lib/python3.13/importlib", O_RDONLY|O_NONBLOCK|O_CLOEXEC|O_DIRECTORY) = 3
217444 openat(AT_FDCWD, "/usr/lib/python3.13/importlib/__pycache__/_abc.cpython-313.pyc", O_RDONLY|O_CLOEXEC) = 3
217444 openat(AT_FDCWD, "/usr/lib/python3/dist-packages/breezy/__pycache__/location.cpython-313.pyc", O_RDONLY|O_CLOEXEC) = 3
217444 openat(AT_FDCWD, "/usr/lib/python3/dist-packages/breezy/__pycache__/repository.cpython-313.pyc", O_RDONLY|O_CLOEXEC) = 3
217444 openat(AT_FDCWD, "/usr/lib/python3/dist-packages/breezy/__pycache__/graph.cpython-313.pyc", O_RDONLY|O_CLOEXEC) = 3
217444 openat(AT_FDCWD, "/usr/lib/python3/dist-packages/breezy/_known_graph_pyx.cpython-313-x86_64-linux-gnu.so", O_RDONLY|O_CLOEXEC) = 3
217444 openat(AT_FDCWD, "/usr/lib/python3/dist-packages/breezy/__pycache__/decorators.cpython-313.pyc", O_RDONLY|O_CLOEXEC) = 3
217444 openat(AT_FDCWD, "/usr/lib/python3/dist-packages/breezy/__pycache__/branch.cpython-313.pyc", O_RDONLY|O_CLOEXEC) = 3
217444 openat(AT_FDCWD, "/usr/lib/python3/dist-packages/breezy/__pycache__/config.cpython-313.pyc", O_RDONLY|O_CLOEXEC) = 3
217444 openat(AT_FDCWD, "/usr/lib/python3/dist-packages/configobj/__pycache__/__init__.cpython-313.pyc", O_RDONLY|O_CLOEXEC) = 3
217444 openat(AT_FDCWD, "/usr/lib/python3/dist-packages/configobj", O_RDONLY|O_NONBLOCK|O_CLOEXEC|O_DIRECTORY) = 3
217444 openat(AT_FDCWD, "/usr/lib/python3/dist-packages/configobj/__pycache__/_version.cpython-313.pyc", O_RDONLY|O_CLOEXEC) = 3
217444 openat(AT_FDCWD, "/usr/lib/python3/dist-packages/breezy/__pycache__/bedding.cpython-313.pyc", O_RDONLY|O_CLOEXEC) = 3
217444 openat(AT_FDCWD, "/usr/lib/python3/dist-packages/breezy/__pycache__/diff.cpython-313.pyc", O_RDONLY|O_CLOEXEC) = 3
217444 openat(AT_FDCWD, "/usr/lib/python3.13/__pycache__/difflib.cpython-313.pyc", O_RDONLY|O_CLOEXEC) = 3
217444 openat(AT_FDCWD, "/usr/lib/python3.13/__pycache__/heapq.cpython-313.pyc", O_RDONLY|O_CLOEXEC) = 3
217444 openat(AT_FDCWD, "/usr/lib/python3/dist-packages/breezy/__pycache__/send.cpython-313.pyc", O_RDONLY|O_CLOEXEC) = 3
217444 openat(AT_FDCWD, "/usr/lib/python3/dist-packages/breezy/__pycache__/directory_service.cpython-313.pyc", O_RDONLY|O_CLOEXEC) = 3
217444 openat(AT_FDCWD, "/usr/lib/python3/dist-packages/breezy/help_topics/__pycache__/__init__.cpython-313.pyc", O_RDONLY|O_CLOEXEC) = 3
217444 openat(AT_FDCWD, "/usr/lib/python3/dist-packages/breezy/__pycache__/foreign.cpython-313.pyc", O_RDONLY|O_CLOEXEC) = 3
217444 openat(AT_FDCWD, "/usr/lib/python3/dist-packages/breezy/bzr/__pycache__/__init__.cpython-313.pyc", O_RDONLY|O_CLOEXEC) = 3
217444 openat(AT_FDCWD, "/usr/lib/python3/dist-packages/breezy/transport", O_RDONLY|O_NONBLOCK|O_CLOEXEC|O_DIRECTORY) = 3
217444 openat(AT_FDCWD, "/usr/lib/python3/dist-packages/breezy/transport/__pycache__/local.cpython-313.pyc", O_RDONLY|O_CLOEXEC) = 3
217444 openat(AT_FDCWD, "/usr/lib/python3/dist-packages/breezy/__pycache__/lockdir.cpython-313.pyc", O_RDONLY|O_CLOEXEC) = 3
217444 openat(AT_FDCWD, "/usr/lib/python3/dist-packages/yaml/__pycache__/__init__.cpython-313.pyc", O_RDONLY|O_CLOEXEC) = 3
217444 openat(AT_FDCWD, "/usr/lib/python3/dist-packages/yaml", O_RDONLY|O_NONBLOCK|O_CLOEXEC|O_DIRECTORY) = 3
217444 openat(AT_FDCWD, "/usr/lib/python3/dist-packages/yaml/__pycache__/error.cpython-313.pyc", O_RDONLY|O_CLOEXEC) = 3
217444 openat(AT_FDCWD, "/usr/lib/python3/dist-packages/yaml/__pycache__/tokens.cpython-313.pyc", O_RDONLY|O_CLOEXEC) = 3
217444 openat(AT_FDCWD, "/usr/lib/python3/dist-packages/yaml/__pycache__/events.cpython-313.pyc", O_RDONLY|O_CLOEXEC) = 3
217444 openat(AT_FDCWD, "/usr/lib/python3/dist-packages/yaml/__pycache__/nodes.cpython-313.pyc", O_RDONLY|O_CLOEXEC) = 3
217444 openat(AT_FDCWD, "/usr/lib/python3/dist-packages/yaml/__pycache__/loader.cpython-313.pyc", O_RDONLY|O_CLOEXEC) = 3
217444 openat(AT_FDCWD, "/usr/lib/python3/dist-packages/yaml/__pycache__/reader.cpython-313.pyc", O_RDONLY|O_CLOEXEC) = 3
217444 openat(AT_FDCWD, "/usr/lib/python3/dist-packages/yaml/__pycache__/scanner.cpython-313.pyc", O_RDONLY|O_CLOEXEC) = 3
217444 openat(AT_FDCWD, "/usr/lib/python3/dist-packages/yaml/__pycache__/parser.cpython-313.pyc", O_RDONLY|O_CLOEXEC) = 3
217444 openat(AT_FDCWD, "/usr/lib/python3/dist-packages/yaml/__pycache__/composer.cpython-313.pyc", O_RDONLY|O_CLOEXEC) = 3
217444 openat(AT_FDCWD, "/usr/lib/python3/dist-packages/yaml/__pycache__/constructor.cpython-313.pyc", O_RDONLY|O_CLOEXEC) = 3
217444 openat(AT_FDCWD, "/usr/lib/python3.13/__pycache__/datetime.cpython-313.pyc", O_RDONLY|O_CLOEXEC) = 3
217444 openat(AT_FDCWD, "/usr/lib/python3.13/__pycache__/base64.cpython-313.pyc", O_RDONLY|O_CLOEXEC) = 3
217444 openat(AT_FDCWD, "/usr/lib/python3.13/__pycache__/struct.cpython-313.pyc", O_RDONLY|O_CLOEXEC) = 3
217444 openat(AT_FDCWD, "/usr/lib/python3/dist-packages/yaml/__pycache__/resolver.cpython-313.pyc", O_RDONLY|O_CLOEXEC) = 3
217444 openat(AT_FDCWD, "/usr/lib/python3/dist-packages/yaml/__pycache__/dumper.cpython-313.pyc", O_RDONLY|O_CLOEXEC) = 3
217444 openat(AT_FDCWD, "/usr/lib/python3/dist-packages/yaml/__pycache__/emitter.cpython-313.pyc", O_RDONLY|O_CLOEXEC) = 3
217444 openat(AT_FDCWD, "/usr/lib/python3/dist-packages/yaml/__pycache__/serializer.cpython-313.pyc", O_RDONLY|O_CLOEXEC) = 3
217444 openat(AT_FDCWD, "/usr/lib/python3/dist-packages/yaml/__pycache__/representer.cpython-313.pyc", O_RDONLY|O_CLOEXEC) = 3
217444 openat(AT_FDCWD, "/usr/lib/python3/dist-packages/yaml/__pycache__/cyaml.cpython-313.pyc", O_RDONLY|O_CLOEXEC) = 3
217444 openat(AT_FDCWD, "/usr/lib/python3/dist-packages/yaml/_yaml.cpython-313-x86_64-linux-gnu.so", O_RDONLY|O_CLOEXEC) = 3
217444 openat(AT_FDCWD, "/etc/ld.so.cache", O_RDONLY|O_CLOEXEC) = 3
217444 openat(AT_FDCWD, "/lib/x86_64-linux-gnu/libyaml-0.so.2", O_RDONLY|O_CLOEXEC) = 3
217444 openat(AT_FDCWD, "/home/meho/.config/breezy/breezy.conf", O_RDONLY|O_CLOEXEC) = -1 ENOENT (No such file or directory)
217444 openat(AT_FDCWD, "/usr/lib/python3/dist-packages/breezy/git", O_RDONLY|O_NONBLOCK|O_CLOEXEC|O_DIRECTORY) = 3
217444 openat(AT_FDCWD, "/usr/lib/python3/dist-packages/breezy/git/__pycache__/dir.cpython-313.pyc", O_RDONLY|O_CLOEXEC) = 3
217444 openat(AT_FDCWD, "/usr/lib/python3/dist-packages/dulwich/__pycache__/__init__.cpython-313.pyc", O_RDONLY|O_CLOEXEC) = 3
217444 openat(AT_FDCWD, "/usr/lib/python3/dist-packages/dulwich", O_RDONLY|O_NONBLOCK|O_CLOEXEC|O_DIRECTORY) = 3
217444 openat(AT_FDCWD, "/usr/lib/python3/dist-packages/dulwich/__pycache__/refs.cpython-313.pyc", O_RDONLY|O_CLOEXEC) = 3
217444 openat(AT_FDCWD, "/usr/lib/python3/dist-packages/dulwich/__pycache__/errors.cpython-313.pyc", O_RDONLY|O_CLOEXEC) = 3
217444 openat(AT_FDCWD, "/usr/lib/python3/dist-packages/dulwich/__pycache__/file.cpython-313.pyc", O_RDONLY|O_CLOEXEC) = 3
217444 openat(AT_FDCWD, "/usr/lib/python3/dist-packages/dulwich/__pycache__/objects.cpython-313.pyc", O_RDONLY|O_CLOEXEC) = 3
217444 openat(AT_FDCWD, "/usr/lib/python3/dist-packages/dulwich/__pycache__/pack.cpython-313.pyc", O_RDONLY|O_CLOEXEC) = 3
217444 openat(AT_FDCWD, "/usr/lib/python3.13/lib-dynload/mmap.cpython-313-x86_64-linux-gnu.so", O_RDONLY|O_CLOEXEC) = 3
217444 openat(AT_FDCWD, "/usr/lib/python3/dist-packages/dulwich/__pycache__/lru_cache.cpython-313.pyc", O_RDONLY|O_CLOEXEC) = 3
217444 openat(AT_FDCWD, "/usr/lib/python3/dist-packages/breezy/git/__pycache__/mapping.cpython-313.pyc", O_RDONLY|O_CLOEXEC) = 3
217444 openat(AT_FDCWD, "/usr/lib/python3/dist-packages/fastbencode/__pycache__/__init__.cpython-313.pyc", O_RDONLY|O_CLOEXEC) = 3
217444 openat(AT_FDCWD, "/usr/lib/python3/dist-packages/fastbencode", O_RDONLY|O_NONBLOCK|O_CLOEXEC|O_DIRECTORY) = 3
217444 openat(AT_FDCWD, "/usr/lib/python3/dist-packages/fastbencode/_bencode_pyx.cpython-313-x86_64-linux-gnu.so", O_RDONLY|O_CLOEXEC) = 3
217444 openat(AT_FDCWD, "/usr/lib/python3/dist-packages/breezy/git/__pycache__/errors.cpython-313.pyc", O_RDONLY|O_CLOEXEC) = 3
217444 openat(AT_FDCWD, "/usr/lib/python3/dist-packages/breezy/git/__pycache__/hg.cpython-313.pyc", O_RDONLY|O_CLOEXEC) = 3
217444 openat(AT_FDCWD, "/usr/lib/python3/dist-packages/breezy/git/__pycache__/roundtrip.cpython-313.pyc", O_RDONLY|O_CLOEXEC) = 3
217444 openat(AT_FDCWD, "/usr/lib/python3/dist-packages/breezy/git/__pycache__/push.cpython-313.pyc", O_RDONLY|O_CLOEXEC) = 3
217444 openat(AT_FDCWD, "/usr/lib/python3/dist-packages/breezy/__pycache__/push.cpython-313.pyc", O_RDONLY|O_CLOEXEC) = 3
217444 openat(AT_FDCWD, "/usr/lib/python3/dist-packages/breezy/git/__pycache__/transportgit.cpython-313.pyc", O_RDONLY|O_CLOEXEC) = 3
217444 openat(AT_FDCWD, "/usr/lib/python3/dist-packages/dulwich/__pycache__/object_store.cpython-313.pyc", O_RDONLY|O_CLOEXEC) = 3
217444 openat(AT_FDCWD, "/usr/lib/python3/dist-packages/dulwich/__pycache__/protocol.cpython-313.pyc", O_RDONLY|O_CLOEXEC) = 3
217444 openat(AT_FDCWD, "/usr/lib/python3/dist-packages/dulwich/__pycache__/repo.cpython-313.pyc", O_RDONLY|O_CLOEXEC) = 3
217444 openat(AT_FDCWD, "/usr/lib/python3/dist-packages/dulwich/__pycache__/hooks.cpython-313.pyc", O_RDONLY|O_CLOEXEC) = 3
217444 openat(AT_FDCWD, "/usr/lib/python3.13/__pycache__/subprocess.cpython-313.pyc", O_RDONLY|O_CLOEXEC) = 3
217444 openat(AT_FDCWD, "/usr/lib/python3.13/__pycache__/signal.cpython-313.pyc", O_RDONLY|O_CLOEXEC) = 3
217444 openat(AT_FDCWD, "/usr/lib/python3.13/__pycache__/selectors.cpython-313.pyc", O_RDONLY|O_CLOEXEC) = 3
217444 openat(AT_FDCWD, "/usr/lib/python3/dist-packages/dulwich/__pycache__/line_ending.cpython-313.pyc", O_RDONLY|O_CLOEXEC) = 3
217444 openat(AT_FDCWD, "/usr/lib/python3/dist-packages/dulwich/__pycache__/patch.cpython-313.pyc", O_RDONLY|O_CLOEXEC) = 3
217444 openat(AT_FDCWD, "/usr/lib/python3.13/email/__pycache__/__init__.cpython-313.pyc", O_RDONLY|O_CLOEXEC) = 3
217444 openat(AT_FDCWD, "/usr/lib/python3.13/email", O_RDONLY|O_NONBLOCK|O_CLOEXEC|O_DIRECTORY) = 3
217444 openat(AT_FDCWD, "/usr/lib/python3.13/email/__pycache__/parser.cpython-313.pyc", O_RDONLY|O_CLOEXEC) = 3
217444 openat(AT_FDCWD, "/usr/lib/python3.13/email/__pycache__/feedparser.cpython-313.pyc", O_RDONLY|O_CLOEXEC) = 3
217444 openat(AT_FDCWD, "/usr/lib/python3.13/email/__pycache__/errors.cpython-313.pyc", O_RDONLY|O_CLOEXEC) = 3
217444 openat(AT_FDCWD, "/usr/lib/python3.13/email/__pycache__/_policybase.cpython-313.pyc", O_RDONLY|O_CLOEXEC) = 3
217444 openat(AT_FDCWD, "/usr/lib/python3.13/email/__pycache__/header.cpython-313.pyc", O_RDONLY|O_CLOEXEC) = 3
217444 openat(AT_FDCWD, "/usr/lib/python3.13/email/__pycache__/quoprimime.cpython-313.pyc", O_RDONLY|O_CLOEXEC) = 3
217444 openat(AT_FDCWD, "/usr/lib/python3.13/email/__pycache__/base64mime.cpython-313.pyc", O_RDONLY|O_CLOEXEC) = 3
217444 openat(AT_FDCWD, "/usr/lib/python3.13/email/__pycache__/charset.cpython-313.pyc", O_RDONLY|O_CLOEXEC) = 3
217444 openat(AT_FDCWD, "/usr/lib/python3.13/email/__pycache__/encoders.cpython-313.pyc", O_RDONLY|O_CLOEXEC) = 3
217444 openat(AT_FDCWD, "/usr/lib/python3.13/__pycache__/quopri.cpython-313.pyc", O_RDONLY|O_CLOEXEC) = 3
217444 openat(AT_FDCWD, "/usr/lib/python3.13/email/__pycache__/utils.cpython-313.pyc", O_RDONLY|O_CLOEXEC) = 3
217444 openat(AT_FDCWD, "/usr/lib/python3.13/email/__pycache__/_parseaddr.cpython-313.pyc", O_RDONLY|O_CLOEXEC) = 3
217444 openat(AT_FDCWD, "/usr/lib/python3/dist-packages/breezy/git/__pycache__/remote.cpython-313.pyc", O_RDONLY|O_CLOEXEC) = 3
217444 openat(AT_FDCWD, "/usr/lib/python3/dist-packages/breezy/__pycache__/revisiontree.cpython-313.pyc", O_RDONLY|O_CLOEXEC) = 3
217444 openat(AT_FDCWD, "/usr/lib/python3/dist-packages/breezy/__pycache__/iterablefile.cpython-313.pyc", O_RDONLY|O_CLOEXEC) = 3
217444 openat(AT_FDCWD, "/usr/lib/python3/dist-packages/dulwich/__pycache__/client.cpython-313.pyc", O_RDONLY|O_CLOEXEC) = 3
217444 openat(AT_FDCWD, "/usr/lib/python3.13/__pycache__/copy.cpython-313.pyc", O_RDONLY|O_CLOEXEC) = 3
217444 openat(AT_FDCWD, "/usr/lib/python3.13/__pycache__/socket.cpython-313.pyc", O_RDONLY|O_CLOEXEC) = 3
217444 openat(AT_FDCWD, "/usr/lib/python3/dist-packages/dulwich/__pycache__/config.cpython-313.pyc", O_RDONLY|O_CLOEXEC) = 3
217444 openat(AT_FDCWD, "/usr/lib/python3/dist-packages/breezy/git/__pycache__/branch.cpython-313.pyc", O_RDONLY|O_CLOEXEC) = 3
217444 openat(AT_FDCWD, "/usr/lib/python3/dist-packages/breezy/__pycache__/tag.cpython-313.pyc", O_RDONLY|O_CLOEXEC) = 3
217444 openat(AT_FDCWD, "/usr/lib/python3/dist-packages/breezy/git/__pycache__/refs.cpython-313.pyc", O_RDONLY|O_CLOEXEC) = 3
217444 openat(AT_FDCWD, "/usr/lib/python3/dist-packages/breezy/git/__pycache__/unpeel_map.cpython-313.pyc", O_RDONLY|O_CLOEXEC) = 3
217444 openat(AT_FDCWD, "/usr/lib/python3/dist-packages/breezy/git/__pycache__/urls.cpython-313.pyc", O_RDONLY|O_CLOEXEC) = 3
217444 openat(AT_FDCWD, "/usr/lib/python3/dist-packages/breezy/git/__pycache__/object_store.cpython-313.pyc", O_RDONLY|O_CLOEXEC) = 3
217444 openat(AT_FDCWD, "/usr/lib/python3/dist-packages/breezy/__pycache__/lru_cache.cpython-313.pyc", O_RDONLY|O_CLOEXEC) = 3
217444 openat(AT_FDCWD, "/usr/lib/python3/dist-packages/breezy/bzr", O_RDONLY|O_NONBLOCK|O_CLOEXEC|O_DIRECTORY) = 3
217444 openat(AT_FDCWD, "/usr/lib/python3/dist-packages/breezy/bzr/__pycache__/testament.cpython-313.pyc", O_RDONLY|O_CLOEXEC) = 3
217444 openat(AT_FDCWD, "/usr/lib/python3/dist-packages/breezy/git/__pycache__/cache.cpython-313.pyc", O_RDONLY|O_CLOEXEC) = 3
217444 openat(AT_FDCWD, "/usr/lib/python3/dist-packages/breezy/bzr/__pycache__/btree_index.cpython-313.pyc", O_RDONLY|O_CLOEXEC) = 3
217444 openat(AT_FDCWD, "/usr/lib/python3/dist-packages/breezy/__pycache__/chunk_writer.cpython-313.pyc", O_RDONLY|O_CLOEXEC) = 3
217444 openat(AT_FDCWD, "/usr/lib/python3/dist-packages/breezy/__pycache__/fifo_cache.cpython-313.pyc", O_RDONLY|O_CLOEXEC) = 3
217444 openat(AT_FDCWD, "/usr/lib/python3/dist-packages/breezy/bzr/__pycache__/index.cpython-313.pyc", O_RDONLY|O_CLOEXEC) = 3
217444 openat(AT_FDCWD, "/usr/lib/python3.13/__pycache__/bisect.cpython-313.pyc", O_RDONLY|O_CLOEXEC) = 3
217444 openat(AT_FDCWD, "/usr/lib/python3/dist-packages/breezy/bzr/_btree_serializer_pyx.cpython-313-x86_64-linux-gnu.so", O_RDONLY|O_CLOEXEC) = 3
217444 openat(AT_FDCWD, "/usr/lib/python3/dist-packages/breezy/bzr/__pycache__/versionedfile.cpython-313.pyc", O_RDONLY|O_CLOEXEC) = 3
217444 openat(AT_FDCWD, "/usr/lib/python3/dist-packages/breezy/__pycache__/textmerge.cpython-313.pyc", O_RDONLY|O_CLOEXEC) = 3
217444 openat(AT_FDCWD, "/usr/lib/python3/dist-packages/breezy/git/__pycache__/repository.cpython-313.pyc", O_RDONLY|O_CLOEXEC) = 3
217444 openat(AT_FDCWD, "/usr/lib/python3/dist-packages/breezy/__pycache__/check.cpython-313.pyc", O_RDONLY|O_CLOEXEC) = 3
217444 openat(AT_FDCWD, "/usr/lib/python3/dist-packages/breezy/__pycache__/transactions.cpython-313.pyc", O_RDONLY|O_CLOEXEC) = 3
217444 openat(AT_FDCWD, "/usr/lib/python3/dist-packages/breezy/__pycache__/identitymap.cpython-313.pyc", O_RDONLY|O_CLOEXEC) = 3
217444 openat(AT_FDCWD, "/usr/lib/python3/dist-packages/breezy/git/__pycache__/filegraph.cpython-313.pyc", O_RDONLY|O_CLOEXEC) = 3
217444 openat(AT_FDCWD, "/usr/lib/python3/dist-packages/breezy/git/__pycache__/tree.cpython-313.pyc", O_RDONLY|O_CLOEXEC) = 3
217444 openat(AT_FDCWD, "/usr/lib/python3/dist-packages/dulwich/__pycache__/diff_tree.cpython-313.pyc", O_RDONLY|O_CLOEXEC) = 3
217444 openat(AT_FDCWD, "/usr/lib/python3/dist-packages/dulwich/__pycache__/index.cpython-313.pyc", O_RDONLY|O_CLOEXEC) = 3
217444 openat(AT_FDCWD, "/usr/lib/python3.13/__pycache__/dataclasses.cpython-313.pyc", O_RDONLY|O_CLOEXEC) = 3
217444 openat(AT_FDCWD, "/usr/lib/python3.13/__pycache__/inspect.cpython-313.pyc", O_RDONLY|O_CLOEXEC) = 3
217444 openat(AT_FDCWD, "/usr/lib/python3.13/__pycache__/ast.cpython-313.pyc", O_RDONLY|O_CLOEXEC) = 3
217444 openat(AT_FDCWD, "/usr/lib/python3.13/__pycache__/dis.cpython-313.pyc", O_RDONLY|O_CLOEXEC) = 3
217444 openat(AT_FDCWD, "/usr/lib/python3.13/__pycache__/opcode.cpython-313.pyc", O_RDONLY|O_CLOEXEC) = 3
217444 openat(AT_FDCWD, "/usr/lib/python3.13/__pycache__/_opcode_metadata.cpython-313.pyc", O_RDONLY|O_CLOEXEC) = 3
217444 openat(AT_FDCWD, "/usr/lib/python3.13/__pycache__/tokenize.cpython-313.pyc", O_RDONLY|O_CLOEXEC) = 3
217444 openat(AT_FDCWD, "/usr/lib/python3.13/__pycache__/token.cpython-313.pyc", O_RDONLY|O_CLOEXEC) = 3
217444 openat(AT_FDCWD, "/usr/lib/python3/dist-packages/breezy/__pycache__/delta.cpython-313.pyc", O_RDONLY|O_CLOEXEC) = 3
217444 openat(AT_FDCWD, "/usr/lib/python3/dist-packages/breezy/bzr/__pycache__/inventorytree.cpython-313.pyc", O_RDONLY|O_CLOEXEC) = 3
217444 openat(AT_FDCWD, "/usr/lib/python3/dist-packages/breezy/bzr/__pycache__/bzrdir.cpython-313.pyc", O_RDONLY|O_CLOEXEC) = 3
217444 openat(AT_FDCWD, "/usr/lib/python3/dist-packages/breezy/bzr/__pycache__/remote.cpython-313.pyc", O_RDONLY|O_CLOEXEC) = 3
217444 openat(AT_FDCWD, "/usr/lib/python3.13/__pycache__/bz2.cpython-313.pyc", O_RDONLY|O_CLOEXEC) = 3
217444 openat(AT_FDCWD, "/usr/lib/python3.13/__pycache__/_compression.cpython-313.pyc", O_RDONLY|O_CLOEXEC) = 3
217444 openat(AT_FDCWD, "/usr/lib/python3.13/lib-dynload/_bz2.cpython-313-x86_64-linux-gnu.so", O_RDONLY|O_CLOEXEC) = 3
217444 openat(AT_FDCWD, "/etc/ld.so.cache", O_RDONLY|O_CLOEXEC) = 3
217444 openat(AT_FDCWD, "/lib/x86_64-linux-gnu/libbz2.so.1.0", O_RDONLY|O_CLOEXEC) = 3
217444 openat(AT_FDCWD, "/usr/lib/python3/dist-packages/breezy/__pycache__/gpg.cpython-313.pyc", O_RDONLY|O_CLOEXEC) = 3
217444 openat(AT_FDCWD, "/usr/lib/python3/dist-packages/breezy/__pycache__/lockable_files.cpython-313.pyc", O_RDONLY|O_CLOEXEC) = 3
217444 openat(AT_FDCWD, "/usr/lib/python3/dist-packages/breezy/__pycache__/counted_lock.cpython-313.pyc", O_RDONLY|O_CLOEXEC) = 3
217444 openat(AT_FDCWD, "/usr/lib/python3/dist-packages/breezy/bzr/__pycache__/branch.cpython-313.pyc", O_RDONLY|O_CLOEXEC) = 3
217444 openat(AT_FDCWD, "/usr/lib/python3/dist-packages/breezy/bzr/__pycache__/rio.cpython-313.pyc", O_RDONLY|O_CLOEXEC) = 3
217444 openat(AT_FDCWD, "/usr/lib/python3/dist-packages/breezy/bzr/_rio_pyx.cpython-313-x86_64-linux-gnu.so", O_RDONLY|O_CLOEXEC) = 3
217444 openat(AT_FDCWD, "/usr/lib/python3/dist-packages/breezy/bzr/_rio_rs.cpython-313-x86_64-linux-gnu.so", O_RDONLY|O_CLOEXEC) = 3
217444 openat(AT_FDCWD, "/usr/lib/python3/dist-packages/breezy/bzr/__pycache__/repository.cpython-313.pyc", O_RDONLY|O_CLOEXEC) = 3
217444 openat(AT_FDCWD, "/usr/lib/python3/dist-packages/breezy/bzr/__pycache__/inventory_delta.cpython-313.pyc", O_RDONLY|O_CLOEXEC) = 3
217444 openat(AT_FDCWD, "/usr/lib/python3/dist-packages/breezy/bzr/__pycache__/inventory.cpython-313.pyc", O_RDONLY|O_CLOEXEC) = 3
217444 openat(AT_FDCWD, "/usr/lib/python3/dist-packages/breezy/bzr/__pycache__/chk_map.cpython-313.pyc", O_RDONLY|O_CLOEXEC) = 3
217444 openat(AT_FDCWD, "/usr/lib/python3/dist-packages/breezy/bzr/_chk_map_pyx.cpython-313-x86_64-linux-gnu.so", O_RDONLY|O_CLOEXEC) = 3
217444 openat(AT_FDCWD, "/usr/lib/python3/dist-packages/breezy/bzr/__pycache__/vf_repository.cpython-313.pyc", O_RDONLY|O_CLOEXEC) = 3
217444 openat(AT_FDCWD, "/usr/lib/python3/dist-packages/breezy/bzr/__pycache__/vf_search.cpython-313.pyc", O_RDONLY|O_CLOEXEC) = 3
217444 openat(AT_FDCWD, "/usr/lib/python3/dist-packages/breezy/bzr/__pycache__/serializer.cpython-313.pyc", O_RDONLY|O_CLOEXEC) = 3
217444 openat(AT_FDCWD, "/usr/lib/python3/dist-packages/breezy/bzr/smart/__pycache__/__init__.cpython-313.pyc", O_RDONLY|O_CLOEXEC) = 3
217444 openat(AT_FDCWD, "/usr/lib/python3/dist-packages/breezy/bzr/smart", O_RDONLY|O_NONBLOCK|O_CLOEXEC|O_DIRECTORY) = 3
217444 openat(AT_FDCWD, "/usr/lib/python3/dist-packages/breezy/bzr/smart/__pycache__/request.cpython-313.pyc", O_RDONLY|O_CLOEXEC) = 3
217444 openat(AT_FDCWD, "/usr/lib/python3/dist-packages/breezy/bzr/smart/__pycache__/client.cpython-313.pyc", O_RDONLY|O_CLOEXEC) = 3
217444 openat(AT_FDCWD, "/usr/lib/python3/dist-packages/breezy/bzr/smart/__pycache__/message.cpython-313.pyc", O_RDONLY|O_CLOEXEC) = 3
217444 openat(AT_FDCWD, "/usr/lib/python3/dist-packages/breezy/bzr/smart/__pycache__/protocol.cpython-313.pyc", O_RDONLY|O_CLOEXEC) = 3
217444 openat(AT_FDCWD, "/usr/lib/python3/dist-packages/breezy/bzr/smart/__pycache__/vfs.cpython-313.pyc", O_RDONLY|O_CLOEXEC) = 3
217444 openat(AT_FDCWD, "/usr/lib/python3/dist-packages/breezy/bzr/smart/__pycache__/repository.cpython-313.pyc", O_RDONLY|O_CLOEXEC) = 3
217444 openat(AT_FDCWD, "/usr/lib/python3.13/__pycache__/queue.cpython-313.pyc", O_RDONLY|O_CLOEXEC) = 3
217444 openat(AT_FDCWD, "/usr/lib/python3.13/lib-dynload/_queue.cpython-313-x86_64-linux-gnu.so", O_RDONLY|O_CLOEXEC) = 3
217444 openat(AT_FDCWD, "/usr/lib/python3.13/__pycache__/tempfile.cpython-313.pyc", O_RDONLY|O_CLOEXEC) = 3
217444 openat(AT_FDCWD, "/usr/lib/python3.13/__pycache__/shutil.cpython-313.pyc", O_RDONLY|O_CLOEXEC) = 3
217444 openat(AT_FDCWD, "/usr/lib/python3.13/__pycache__/fnmatch.cpython-313.pyc", O_RDONLY|O_CLOEXEC) = 3
217444 openat(AT_FDCWD, "/usr/lib/python3.13/__pycache__/lzma.cpython-313.pyc", O_RDONLY|O_CLOEXEC) = 3
217444 openat(AT_FDCWD, "/usr/lib/python3.13/lib-dynload/_lzma.cpython-313-x86_64-linux-gnu.so", O_RDONLY|O_CLOEXEC) = 3
217444 openat(AT_FDCWD, "/etc/ld.so.cache", O_RDONLY|O_CLOEXEC) = 3
217444 openat(AT_FDCWD, "/lib/x86_64-linux-gnu/liblzma.so.5", O_RDONLY|O_CLOEXEC) = 3
217444 openat(AT_FDCWD, "/usr/lib/python3.13/__pycache__/random.cpython-313.pyc", O_RDONLY|O_CLOEXEC) = 3
217444 openat(AT_FDCWD, "/usr/lib/python3/dist-packages/breezy/__pycache__/estimate_compressed_size.cpython-313.pyc", O_RDONLY|O_CLOEXEC) = 3
217444 openat(AT_FDCWD, "/usr/lib/python3/dist-packages/breezy/bzr/__pycache__/pack.cpython-313.pyc", O_RDONLY|O_CLOEXEC) = 3
217444 openat(AT_FDCWD, "/proc/self/maps", O_RDONLY|O_CLOEXEC) = 3
217444 +++ exited with 101 +++
